../Core/Src/lidar_X2_driver.c:14:5:init_lidar	8	static
../Core/Src/lidar_X2_driver.c:31:15:lidar_scan_loop	72	dynamic
../Core/Src/lidar_X2_driver.c:54:15:lidar_DataProcessing	56	static
../Core/Src/lidar_X2_driver.c:66:7:lidar_calculatingDistance	24	static
../Core/Src/lidar_X2_driver.c:77:7:lidar_calculatingAngle	32	static
../Core/Src/lidar_X2_driver.c:92:5:lidar_checksum	24	static
../Core/Src/lidar_X2_driver.c:104:6:HAL_UART_RxCpltCallback	16	static
../Core/Src/lidar_X2_driver.c:141:15:lidar_extractDataFromTrame	48	static
