../Core/Src/lidar_X2_driver.c:12:5:init_lidar	8	static
../Core/Src/lidar_X2_driver.c:26:15:lidar_scan	72	dynamic
../Core/Src/lidar_X2_driver.c:44:15:lidar_DataProcessing	56	static
../Core/Src/lidar_X2_driver.c:56:7:lidar_calculatingDistance	24	static
../Core/Src/lidar_X2_driver.c:67:7:lidar_calculatingAngle	32	static
../Core/Src/lidar_X2_driver.c:82:5:lidar_checksum	24	static
../Core/Src/lidar_X2_driver.c:94:6:HAL_UART_RxCpltCallback	16	static
../Core/Src/lidar_X2_driver.c:103:6:lidar_motorSpeed	4	static
../Core/Src/lidar_X2_driver.c:108:15:lidar_extractDataFromTrame	48	static
